AI Web Test Report
==============================
URL: https://scrapepark.org/
Prompt: click products , then skateboard4 , add to cart

AI Summary:
Homepage with navigation and products section.

Click: text=Products
Click: text=New Skateboard 6
Click: text=Add to Cart
[ERROR] Failed to click text=Add to Cart: Page.click: Target page, context or browser has been closed
Call log:
  - waiting for locator("text=Add to Cart")
    - locator resolved to 12 elements. Proceeding with the first one: <a href="" class="option1">Add to Cart</a>
  - attempting click action
    2 × waiting for element to be visible, enabled and stable
      - element is not visible
    - retrying click action
    - waiting 20ms
    2 × waiting for element to be visible, enabled and stable
      - element is not visible
    - retrying click action
      - waiting 100ms
    19 × waiting for element to be visible, enabled and stable
       - element is not visible
     - retrying click action
       - waiting 500ms

